// Jest Snapshot v1, https://goo.gl/fbAQLP

exports[`ArtistQuestionScreen is rendered correctly 1`] = `null`;
